Etapa 1: execucoes reais no Ubuntu/WSL com QEMU.
Erro logico proposital mantido para demonstracao.
Comando: make testar-basico


=== alarm-zero ===

qemu-system-i386 -device isa-debug-exit -drive format=raw,media=disk,index=0,file=/tmp/8WONsLWDCw.dsk -m 4 -net none -nographic -monitor null
c[?7l[2J[0mSeaBIOS (version 1.17.0-debian-1.17.0-1ubuntu1)
Booting from Hard Disk...
PPiinnttooss  hhddaa1
1
LLooaaddiinngg.......................
.
Kernel command line: -q run alarm-zero
Pintos booting with 3,968 kB RAM...
367 pages available in kernel pool.
367 pages available in user pool.
Calibrating timer...  130,662,400 loops/s.
Boot complete.
Executing 'alarm-zero':
(alarm-zero) begin
(alarm-zero) PASS
(alarm-zero) end
Execution of 'alarm-zero' complete.
Timer: 24 ticks
Thread: 0 idle ticks, 24 kernel ticks, 0 user ticks
Console: 385 characters output
Keyboard: 0 keys pressed
Powering off...

PASS


=== alarm-negative ===

qemu-system-i386 -device isa-debug-exit -drive format=raw,media=disk,index=0,file=/tmp/J4XbryEDjV.dsk -m 4 -net none -nographic -monitor null
c[?7l[2J[0mSeaBIOS (version 1.17.0-debian-1.17.0-1ubuntu1)
Booting from Hard Disk...
PPiinnttooss  hhddaa1
1
LLooaaddiinngg.......................
Kernel command line: -q run alarm-negative
Pintos booting with 3,968 kB RAM...
367 pages available in kernel pool.
367 pages available in user pool.
Calibrating timer...  130,867,200 loops/s.
Boot complete.
Executing 'alarm-negative':
(alarm-negative) begin
(alarm-negative) PASS
(alarm-negative) end
Execution of 'alarm-negative' complete.
Timer: 24 ticks
Thread: 0 idle ticks, 24 kernel ticks, 0 user ticks
Console: 409 characters output
Keyboard: 0 keys pressed
Powering off...

PASS


=== alarm-minimum ===

qemu-system-i386 -device isa-debug-exit -drive format=raw,media=disk,index=0,file=/tmp/x0rmVt_NgB.dsk -m 4 -net none -nographic -monitor null
c[?7l[2J[0mSeaBIOS (version 1.17.0-debian-1.17.0-1ubuntu1)
Booting from Hard Disk...
PPiinnttooss  hhddaa1
1
LLooaaddiinngg.......................
Kernel command line: -q run alarm-minimum
Pintos booting with 3,968 kB RAM...
367 pages available in kernel pool.
367 pages available in user pool.
Calibrating timer...  127,590,400 loops/s.
Boot complete.
Executing 'alarm-minimum':
(alarm-minimum) begin
(alarm-minimum) Solicitado: 100 ticks; observado: 50 ticks
(alarm-minimum) FAIL: A thread acordou antes do prazo solicitado.
Kernel PANIC at ../../tests/threads/tests.c:94 in fail(): test failed
Call stack: 0xc0029a22 0xc002be01 0xc002e935 0xc002bd28 0xc00207e2 0xc00208c1 0xc00203c0.
The `backtrace' program can make call stacks useful.
Read "Backtraces" in the "Debugging Tools" chapter
of the Pintos documentation for more information.
Timer: 74 ticks
Thread: 50 idle ticks, 24 kernel ticks, 0 user ticks
Console: 763 characters output
Keyboard: 0 keys pressed
Powering off...

FAIL
Kernel panic in run: PANIC at ../../tests/threads/tests.c:94 in fail(): test failed
Call stack: 0xc0029a22 0xc002be01 0xc002e935 0xc002bd28 0xc00207e2 0xc00208c1 0xc00203c0
Translation of call stack:
0xc0029a22: debug_panic (.../../lib/kernel/debug.c:38)
0xc002be01: pass (...tests/threads/tests.c:100)
0xc002e935: test_alarm_minimum (...hreads/alarm-minimum.c:15)
0xc002bd28: run_test (.../tests/threads/tests.c:58)
0xc00207e2: run_task (.../../../threads/init.c:294)
0xc00208c1: run_actions (.../../../threads/init.c:344)
0xc00203c0: pintos_init (.../../../threads/init.c:134)


=== Correcao do prazo de espera — 2026-09-19 ===
Execucao no Ubuntu/WSL com QEMU apos substituir duration / 2 por duration.
As execucoes anteriores acima foram preservadas como registro.
Comando no diretorio src/threads/build, com src/utils no PATH:
make tests/threads/alarm-minimum.result tests/threads/alarm-single.result

=== alarm-minimum ===
qemu-system-i386 -device isa-debug-exit -drive format=raw,media=disk,index=0,file=/tmp/MHzqEqyGjk.dsk -m 4 -net none -nographic -monitor null
c[?7l[2J[0mSeaBIOS (version 1.17.0-debian-1.17.0-1ubuntu1)
Booting from Hard Disk...
PPiinnttooss  hhddaa1
1
LLooaaddiinngg.......................
Kernel command line: -q run alarm-minimum
Pintos booting with 3,968 kB RAM...
367 pages available in kernel pool.
367 pages available in user pool.
Calibrating timer...  127,180,800 loops/s.
Boot complete.
Executing 'alarm-minimum':
(alarm-minimum) begin
(alarm-minimum) Solicitado: 100 ticks; observado: 100 ticks
(alarm-minimum) PASS
(alarm-minimum) end
Execution of 'alarm-minimum' complete.
Timer: 126 ticks
Thread: 100 idle ticks, 26 kernel ticks, 0 user ticks
Console: 466 characters output
Keyboard: 0 keys pressed
Powering off...

Resultado: PASS

=== alarm-single ===
qemu-system-i386 -device isa-debug-exit -drive format=raw,media=disk,index=0,file=/tmp/xwRnjw1dRv.dsk -m 4 -net none -nographic -monitor null
c[?7l[2J[0mSeaBIOS (version 1.17.0-debian-1.17.0-1ubuntu1)
Booting from Hard Disk...
PPiinnttooss  hhddaa1
1
LLooaaddiinngg.......................
Kernel command line: -q run alarm-single
Pintos booting with 3,968 kB RAM...
367 pages available in kernel pool.
367 pages available in user pool.
Calibrating timer...  130,867,200 loops/s.
Boot complete.
Executing 'alarm-single':
(alarm-single) begin
(alarm-single) Creating 5 threads to sleep 1 times each.
(alarm-single) Thread 0 sleeps 10 ticks each time,
(alarm-single) thread 1 sleeps 20 ticks each time, and so on.
(alarm-single) If successful, product of iteration count and
(alarm-single) sleep duration will appear in nondescending order.
(alarm-single) thread 0: duration=10, iteration=1, product=10
(alarm-single) thread 1: duration=20, iteration=1, product=20
(alarm-single) thread 2: duration=30, iteration=1, product=30
(alarm-single) thread 3: duration=40, iteration=1, product=40
(alarm-single) thread 4: duration=50, iteration=1, product=50
(alarm-single) end
Execution of 'alarm-single' complete.
Timer: 274 ticks
Thread: 250 idle ticks, 24 kernel ticks, 0 user ticks
Console: 987 characters output
Keyboard: 0 keys pressed
Powering off...

Resultado: PASS


=== Esperas concorrentes — 2026-09-20 ===
Comando: make testar-concorrencia

alarm-multiple
qemu-system-i386 -device isa-debug-exit -drive format=raw,media=disk,index=0,file=/tmp/NJ88GoTX_J.dsk -m 4 -net none -nographic -monitor null
c[?7l[2J[0mSeaBIOS (version 1.17.0-debian-1.17.0-1ubuntu1)
Booting from Hard Disk...
PPiinnttooss  hhddaa1
1
LLooaaddiinngg.......................
Kernel command line: -q run alarm-multiple
Pintos booting with 3,968 kB RAM...
367 pages available in kernel pool.
367 pages available in user pool.
Calibrating timer...  104,755,200 loops/s.
Boot complete.
Executing 'alarm-multiple':
(alarm-multiple) begin
(alarm-multiple) Creating 5 threads to sleep 7 times each.
(alarm-multiple) Thread 0 sleeps 10 ticks each time,
(alarm-multiple) thread 1 sleeps 20 ticks each time, and so on.
(alarm-multiple) If successful, product of iteration count and
(alarm-multiple) sleep duration will appear in nondescending order.
(alarm-multiple) thread 0: duration=10, iteration=1, product=10
(alarm-multiple) thread 1: duration=20, iteration=1, product=20
(alarm-multiple) thread 0: duration=10, iteration=2, product=20
(alarm-multiple) thread 2: duration=30, iteration=1, product=30
(alarm-multiple) thread 0: duration=10, iteration=3, product=30
(alarm-multiple) thread 3: duration=40, iteration=1, product=40
(alarm-multiple) thread 1: duration=20, iteration=2, product=40
(alarm-multiple) thread 0: duration=10, iteration=4, product=40
(alarm-multiple) thread 4: duration=50, iteration=1, product=50
(alarm-multiple) thread 0: duration=10, iteration=5, product=50
(alarm-multiple) thread 2: duration=30, iteration=2, product=60
(alarm-multiple) thread 1: duration=20, iteration=3, product=60
(alarm-multiple) thread 0: duration=10, iteration=6, product=60
(alarm-multiple) thread 0: duration=10, iteration=7, product=70
(alarm-multiple) thread 3: duration=40, iteration=2, product=80
(alarm-multiple) thread 1: duration=20, iteration=4, product=80
(alarm-multiple) thread 2: duration=30, iteration=3, product=90
(alarm-multiple) thread 4: duration=50, iteration=2, product=100
(alarm-multiple) thread 1: duration=20, iteration=5, product=100
(alarm-multiple) thread 3: duration=40, iteration=3, product=120
(alarm-multiple) thread 2: duration=30, iteration=4, product=120
(alarm-multiple) thread 1: duration=20, iteration=6, product=120
(alarm-multiple) thread 1: duration=20, iteration=7, product=140
(alarm-multiple) thread 4: duration=50, iteration=3, product=150
(alarm-multiple) thread 2: duration=30, iteration=5, product=150
(alarm-multiple) thread 3: duration=40, iteration=4, product=160
(alarm-multiple) thread 2: duration=30, iteration=6, product=180
(alarm-multiple) thread 4: duration=50, iteration=4, product=200
(alarm-multiple) thread 3: duration=40, iteration=5, product=200
(alarm-multiple) thread 2: duration=30, iteration=7, product=210
(alarm-multiple) thread 3: duration=40, iteration=6, product=240
(alarm-multiple) thread 4: duration=50, iteration=5, product=250
(alarm-multiple) thread 3: duration=40, iteration=7, product=280
(alarm-multiple) thread 4: duration=50, iteration=6, product=300
(alarm-multiple) thread 4: duration=50, iteration=7, product=350
(alarm-multiple) end
Execution of 'alarm-multiple' complete.
Timer: 581 ticks
Thread: 549 idle ticks, 32 kernel ticks, 0 user ticks
Console: 2955 characters output
Keyboard: 0 keys pressed
Powering off...

Resultado: PASS

alarm-simultaneous
qemu-system-i386 -device isa-debug-exit -drive format=raw,media=disk,index=0,file=/tmp/0c2ZDATBBc.dsk -m 4 -net none -nographic -monitor null
c[?7l[2J[0mSeaBIOS (version 1.17.0-debian-1.17.0-1ubuntu1)
Booting from Hard Disk...
PPiinnttooss  hhddaa1
1
LLooaaddiinngg.......................
Kernel command line: -q run alarm-simultaneous
Pintos booting with 3,968 kB RAM...
367 pages available in kernel pool.
367 pages available in user pool.
Calibrating timer...  39,270,400 loops/s.
Boot complete.
Executing 'alarm-simultaneous':
(alarm-simultaneous) begin
(alarm-simultaneous) Creating 3 threads to sleep 5 times each.
(alarm-simultaneous) Each thread sleeps 10 ticks each time.
(alarm-simultaneous) Within an iteration, all threads should wake up on the same tick.
(alarm-simultaneous) iteration 0, thread 0: woke up after 10 ticks
(alarm-simultaneous) iteration 0, thread 1: woke up 0 ticks later
(alarm-simultaneous) iteration 0, thread 2: woke up 0 ticks later
(alarm-simultaneous) iteration 1, thread 0: woke up 10 ticks later
(alarm-simultaneous) iteration 1, thread 1: woke up 0 ticks later
(alarm-simultaneous) iteration 1, thread 2: woke up 0 ticks later
(alarm-simultaneous) iteration 2, thread 0: woke up 10 ticks later
(alarm-simultaneous) iteration 2, thread 1: woke up 0 ticks later
(alarm-simultaneous) iteration 2, thread 2: woke up 0 ticks later
(alarm-simultaneous) iteration 3, thread 0: woke up 10 ticks later
(alarm-simultaneous) iteration 3, thread 1: woke up 0 ticks later
(alarm-simultaneous) iteration 3, thread 2: woke up 0 ticks later
(alarm-simultaneous) iteration 4, thread 0: woke up 10 ticks later
(alarm-simultaneous) iteration 4, thread 1: woke up 0 ticks later
(alarm-simultaneous) iteration 4, thread 2: woke up 0 ticks later
(alarm-simultaneous) end
Execution of 'alarm-simultaneous' complete.
Timer: 273 ticks
Thread: 250 idle ticks, 23 kernel ticks, 0 user ticks
Console: 1614 characters output
Keyboard: 0 keys pressed
Powering off...

Resultado: PASS


=== Tempos nao positivos e interrupcoes — 2026-09-20 ===
Comando: make testar-basico

qemu-system-i386 -device isa-debug-exit -drive format=raw,media=disk,index=0,file=/tmp/TaoJWg4YpP.dsk -m 4 -net none -nographic -monitor null
c[?7l[2J[0mSeaBIOS (version 1.17.0-debian-1.17.0-1ubuntu1)
Booting from Hard Disk...
PPiinnttooss  hhddaa1
1
LLooaaddiinngg.......................
Kernel command line: -q run alarm-zero
Pintos booting with 3,968 kB RAM...
367 pages available in kernel pool.
367 pages available in user pool.
Calibrating timer...  104,857,600 loops/s.
Boot complete.
Executing 'alarm-zero':
(alarm-zero) begin
(alarm-zero) PASS
(alarm-zero) end
Execution of 'alarm-zero' complete.
Timer: 31 ticks
Thread: 1 idle ticks, 30 kernel ticks, 0 user ticks
Console: 385 characters output
Keyboard: 0 keys pressed
Powering off...

Resultado: PASS

qemu-system-i386 -device isa-debug-exit -drive format=raw,media=disk,index=0,file=/tmp/TMbpJ9IZHh.dsk -m 4 -net none -nographic -monitor null
c[?7l[2J[0mSeaBIOS (version 1.17.0-debian-1.17.0-1ubuntu1)
Booting from Hard Disk...
PPiinnttooss  hhddaa1
1
LLooaaddiinngg........................
Kernel command line: -q run alarm-negative
Pintos booting with 3,968 kB RAM...
367 pages available in kernel pool.
367 pages available in user pool.
Calibrating timer...  104,755,200 loops/s.
Boot complete.
Executing 'alarm-negative':
(alarm-negative) begin
(alarm-negative) PASS
(alarm-negative) end
Execution of 'alarm-negative' complete.
Timer: 21 ticks
Thread: 1 idle ticks, 20 kernel ticks, 0 user ticks
Console: 409 characters output
Keyboard: 0 keys pressed
Powering off...

Resultado: PASS

qemu-system-i386 -device isa-debug-exit -drive format=raw,media=disk,index=0,file=/tmp/4y3TSRO_6j.dsk -m 4 -net none -nographic -monitor null
c[?7l[2J[0mSeaBIOS (version 1.17.0-debian-1.17.0-1ubuntu1)
Booting from Hard Disk...
PPiinnttooss  hhddaa1
1
LLooaaddiinngg.......................
Kernel command line: -q run alarm-minimum
Pintos booting with 3,968 kB RAM...
367 pages available in kernel pool.
367 pages available in user pool.
Calibrating timer...  127,180,800 loops/s.
Boot complete.
Executing 'alarm-minimum':
(alarm-minimum) begin
(alarm-minimum) Solicitado: 100 ticks; observado: 100 ticks
(alarm-minimum) PASS
(alarm-minimum) end
Execution of 'alarm-minimum' complete.
Timer: 125 ticks
Thread: 100 idle ticks, 25 kernel ticks, 0 user ticks
Console: 466 characters output
Keyboard: 0 keys pressed
Powering off...

Resultado: PASS
